src/app.controller.spec.ts(19,28): error TS2339: Property 'getHello' does not exist on type 'AppController'.
src/modules/auth/auth.service.ts(128,18): error TS2345: Argument of type 'string' is not assignable to parameter of type 'never'.
src/modules/auth/auth.service.ts(129,43): error TS2345: Argument of type 'string' is not assignable to parameter of type 'never'.
